MESA: info: kbase: CSF driver, uAPI version 1.21, page_size=4096
MESA: info: panvk: gpu_id 0xb8a31030 variant 0x4 arch v11 model Mali-G615 texture_features 0xc7fe001e 0 0 0
MESA: info: panvk: BC emulation on (native compressed mask 0xc7fe001e)
WARNING: panvk is not a conformant Vulkan implementation, testing use only.
MESA: warning: No gralloc hwmodule detected (video buffers won't be supported)
MESA: info: Using fallback gralloc implementation
ICD device=Mali-G615 MC6 textureCompressionBC=1
FORMAT BC1_RGB_UNORM optimal=0x1d401 linear=0x0 ifp=0 PASS
FORMAT BC1_RGB_SRGB optimal=0x1d401 linear=0x0 ifp=0 PASS
FORMAT BC1_RGBA_UNORM optimal=0x1d401 linear=0x0 ifp=0 PASS
FORMAT BC1_RGBA_SRGB optimal=0x1d401 linear=0x0 ifp=0 PASS
FORMAT BC2_UNORM optimal=0x1d401 linear=0x0 ifp=0 PASS
FORMAT BC2_SRGB optimal=0x1d401 linear=0x0 ifp=0 PASS
FORMAT BC3_UNORM optimal=0x1d401 linear=0x0 ifp=0 PASS
FORMAT BC3_SRGB optimal=0x1d401 linear=0x0 ifp=0 PASS
FORMAT BC4_UNORM optimal=0x1d401 linear=0x0 ifp=0 PASS
FORMAT BC4_SNORM optimal=0x1d401 linear=0x0 ifp=0 PASS
FORMAT BC5_UNORM optimal=0x1d401 linear=0x0 ifp=0 PASS
FORMAT BC5_SNORM optimal=0x1d401 linear=0x0 ifp=0 PASS
FORMAT BC6H_UFLOAT optimal=0x1d401 linear=0x0 ifp=0 PASS
FORMAT BC6H_SFLOAT optimal=0x1d401 linear=0x0 ifp=0 PASS
FORMAT BC7_UNORM optimal=0x1d401 linear=0x0 ifp=0 PASS
FORMAT BC7_SRGB optimal=0x1d401 linear=0x0 ifp=0 PASS
MESA: info: kbase: CSF driver, uAPI version 1.21, page_size=4096
MESA: info: kbase: mem_alloc via ALLOC_EX
MESA: info: kbase: queue_group_create layout=32 bytes
MESA: info: kbase: tiler_heap_init layout=16 bytes
STEP device
STEP BC1_RGB_UNORM begin
STEP BC1_RGB_UNORM resources
STEP BC1_RGB_UNORM recorded transfers
CASE BC1_RGB_UNORM raw=PASS copy=PASS blit=PASS nonzero=2301
STEP BC1_RGB_SRGB begin
STEP BC1_RGB_SRGB resources
STEP BC1_RGB_SRGB recorded transfers
CASE BC1_RGB_SRGB raw=PASS copy=PASS blit=PASS nonzero=2281
STEP BC1_RGBA_UNORM begin
STEP BC1_RGBA_UNORM resources
STEP BC1_RGBA_UNORM recorded transfers
CASE BC1_RGBA_UNORM raw=PASS copy=PASS blit=PASS nonzero=2262
STEP BC1_RGBA_SRGB begin
STEP BC1_RGBA_SRGB resources
STEP BC1_RGBA_SRGB recorded transfers
CASE BC1_RGBA_SRGB raw=PASS copy=PASS blit=PASS nonzero=2238
STEP BC2_UNORM begin
STEP BC2_UNORM resources
STEP BC2_UNORM recorded transfers
CASE BC2_UNORM raw=PASS copy=PASS blit=PASS nonzero=2373
STEP BC2_SRGB begin
STEP BC2_SRGB resources
STEP BC2_SRGB recorded transfers
CASE BC2_SRGB raw=PASS copy=PASS blit=PASS nonzero=2377
STEP BC3_UNORM begin
STEP BC3_UNORM resources
STEP BC3_UNORM recorded transfers
CASE BC3_UNORM raw=PASS copy=PASS blit=PASS nonzero=2379
STEP BC3_SRGB begin
STEP BC3_SRGB resources
STEP BC3_SRGB recorded transfers
CASE BC3_SRGB raw=PASS copy=PASS blit=PASS nonzero=2381
STEP BC4_UNORM begin
STEP BC4_UNORM resources
STEP BC4_UNORM recorded transfers
CASE BC4_UNORM raw=PASS copy=PASS blit=PASS nonzero=1167
STEP BC4_SNORM begin
STEP BC4_SNORM resources
STEP BC4_SNORM recorded transfers
CASE BC4_SNORM raw=PASS copy=PASS blit=PASS nonzero=1200
STEP BC5_UNORM begin
STEP BC5_UNORM resources
STEP BC5_UNORM recorded transfers
CASE BC5_UNORM raw=PASS copy=PASS blit=PASS nonzero=1733
STEP BC5_SNORM begin
STEP BC5_SNORM resources
STEP BC5_SNORM recorded transfers
CASE BC5_SNORM raw=PASS copy=PASS blit=PASS nonzero=1796
STEP BC6H_UFLOAT begin
STEP BC6H_UFLOAT resources
STEP BC6H_UFLOAT recorded transfers
CASE BC6H_UFLOAT raw=PASS copy=PASS blit=PASS nonzero=2160
STEP BC6H_SFLOAT begin
STEP BC6H_SFLOAT resources
STEP BC6H_SFLOAT recorded transfers
CASE BC6H_SFLOAT raw=PASS copy=PASS blit=PASS nonzero=2208
STEP BC7_UNORM begin
STEP BC7_UNORM resources
STEP BC7_UNORM recorded transfers
CASE BC7_UNORM raw=PASS copy=PASS blit=PASS nonzero=2398
STEP BC7_SRGB begin
STEP BC7_SRGB resources
STEP BC7_SRGB recorded transfers
CASE BC7_SRGB raw=PASS copy=PASS blit=PASS nonzero=2332
BC_DEVICE_FAILS=0
